// Jest Snapshot v1, https://goo.gl/fbAQLP

exports[`<Counter/> Snapshot Test renders correctly 1`] = `
<div
  className="counter"
>
  <h4
    className="count"
  >
    0
  </h4>
  <a
    href="*"
    onClick={[Function]}
  >
    Increment
  </a>
  <a
    href="*"
    onClick={[Function]}
  >
    Decrement
  </a>
</div>
`;
